The Root Node(tm)
├── Parent       
│   ├── child 1  
│   └── child 2  
└── Baz          