├── bar       
├── foo       
│   ├── Bar 11
│   ├── Bar 12
│   ├── Bar 13
│   ├── Bar 14
│   ├── Bar 15
│   ├── Bar 21
│   ├── Bar 22
│   ├── Bar 23
│   ├── Bar 24
│   └── Bar 25
└── Baz       