The Root Node(tm)
  I child 1      
 II child 2      
III child 3      
 IV child 4      
  V child 5      