The Root     
├── Foo      
├── Bar      
│   ├── Qux  
│   └── Quuux
└── Baz      